
import org.civet.Civet;
import org.civet.Civet.Compile;

public class SystemOut {
    
    public SystemOut() {
        super();
    }
    
    @Compile()
    public static void main(String[] args) {
        System.out.println(1000);
    }
}
