
import org.civet.Civet;
import org.civet.Civet.Compile;

public class Test4 {
    
    public Test4() {
        super();
    }
    
    @Compile()
    public static void main(String[] args) {
        {
            {
                System.out.println(10);
            }
            {
                System.out.println(10);
            }
            {
                System.out.println(10);
            }
            {
                System.out.println(10);
            }
        }
        int y = 10;
        int j = 4;
        while (j > 0) {
            System.out.println(y);
            j = j - 1;
        }
    }
}