
import org.civet.Civet;
import org.civet.Civet.Compile;

public class Test1 {
    
    public Test1() {
        super();
    }
    
    public static double power_rec(double x, int n) {
        if (n == 0) return 1; else return x * power_rec(x, n - 1);
    }
    
    @Compile()
    public static void main(String[] args) {
        double x = 10;
        Test1.power_rec$1001(x);
    }
    
    public static double power_rec$1005(double x) {
        return 1;
    }
    
    public static double power_rec$1004(double x) {
        return x * Test1.power_rec$1005(x);
    }
    
    public static double power_rec$1003(double x) {
        return x * Test1.power_rec$1004(x);
    }
    
    public static double power_rec$1002(double x) {
        return x * Test1.power_rec$1003(x);
    }
    
    public static double power_rec$1001(double x) {
        return x * Test1.power_rec$1002(x);
    }
}
