package benchmark.visitor;

public abstract class TreeVisitor {
    
    public TreeVisitor() {
        super();
    }
    
    abstract int visitLeaf(Leaf f);
    
    abstract int visitNode(Node n);
}