package p1;

import org.civet.Civet;
import org.civet.Civet.Compile;

public class Test1 {
    
    public Test1() {
        super();
    }
    
    @Compile()
    public static void main(String[] args) {
        double x = 9;
        p1.NTimes.apply$1001(x);
    }
}