package benchmark.visitor;

public abstract class Tree {
    
    public Tree() {
        super();
    }
    
    abstract int accept(TreeVisitor v);
    
    abstract int accept$1002();
    
    abstract int accept$1007();
    
    abstract int accept$1012();
}