package arrays;

import org.civet.Civet;
import org.civet.Civet.Compile;

public class Test {
    
    public Test() {
        super();
    }
    String[] a = new String[3];
    String b = "";
    int[] c = new int[]{1, 2, 3, 4};
    
    @Compile()
    public static void main(String[] args) {
        System.out.println(10);
        System.out.println(4);
        System.out.println(4);
        System.out.println("w[3] = 1000");
        System.out.println(2);
        {
            System.out.println("hoorayyyyyyyyyyyyy");
        }
        System.out.println(99);
        System.out.println("abcd");
        System.out.println(4);
    }
}