package car.elements;

import car.elements.CarElement;
import car.CarElementVisitor;

public class Wheel implements CarElement {
    private String name;
    
    public Wheel(String name) {
        super();
        this.name = name;
    }
    
    public String getName() {
        return this.name;
    }
    
    public void accept(CarElementVisitor visitor) {
        visitor.visit(this);
    }
    
    public static void accept$1004(car.CarElementVisitor visitor) {
        visitor.visit$1005();
    }
    
    public static void accept$1006(car.CarElementVisitor visitor) {
        visitor.visit$1007();
    }
    
    public void accept$1012() {
        car.CarElementDoVisitor.visit$1015(this);
    }
}