
import org.civet.Civet;
import org.civet.Civet.Compile;

public class CharTest {
    
    public CharTest() {
        super();
    }
    
    @Compile()
    public static void main(String[] args) {
        System.out.println('d');
    }
}
