
import java.util.ArrayList;
import java.util.List;
import org.civet.Civet;
import org.civet.Civet.Compile;

public class Test3 {
    
    public Test3() {
        super();
    }
    
    @Compile()
    public static void main(String[] args) {
        int x = 100;
        System.out.println(x);
    }
}
