
import org.civet.Civet;
import org.civet.Civet.Compile;

public class TestForLoop {
    
    public TestForLoop() {
        super();
    }
    
    @Compile()
    void test1() {
        int x = 10;
        for (int i = 0; i < 10; i++) {
            System.out.println(x + i);
        }
    }
    
    @Compile()
    void test2() {
        int x = 10;
        {
            {
                System.out.println(10);
            }
            {
                System.out.println(11);
            }
            {
                System.out.println(12);
            }
            {
                System.out.println(13);
            }
            {
                System.out.println(14);
            }
            {
                System.out.println(15);
            }
            {
                System.out.println(16);
            }
            {
                System.out.println(17);
            }
            {
                System.out.println(18);
            }
            {
                System.out.println(19);
            }
        }
    }
}