
import org.civet.*;
import org.civet.Civet.Compile;

public class Test2 {
    
    public Test2() {
        super();
    }
    
    public static double power(double x, int n) {
        double p = 1;
        while (n > 0) {
            p = p * x;
            n = n - 1;
        }
        return p;
    }
    
    @Compile()
    public static void main(String[] args) {
        double x = 10;
        Test2.power$1001(x);
    }
    
    public static double power$1001(double x) {
        double p = 1;
        {
            {
                p = p * x;
            }
            {
                p = p * x;
            }
            {
                p = p * x;
            }
            {
                p = p * x;
            }
            {
                p = p * x;
            }
        }
        return p;
    }
}
