
import org.civet.Civet;
import org.civet.Civet.Compile;

public class TestLiteral {
    
    public TestLiteral() {
        super();
    }
    
    @Compile()
    void test1() {
        int x = 10;
        int i = 1;
        System.out.println(x + i);
    }
    
    @Compile()
    void test2() {
        int x = 10;
        System.out.println(11);
    }
    
    @Compile()
    void test3() {
        int x = 10;
        System.out.println(11.0);
    }
}